
> backend@1.0.0 test:supabase
> ts-node src/test-supabase.ts

[dotenv@17.2.3] injecting env (3) from .env -- tip: ΓÜÖ∩╕Å  write to custom object with { processEnv: myObject }
≡ƒöì Testing Supabase Connection...

≡ƒôï Environment Variables:
   SUPABASE_URL: https://fvsunzvhisbwwcobxpyj.supabase.co
   SUPABASE_KEY: Γ£à SET (length: 9)

≡ƒº¬ Test 1: Checking Category table...
node.exe : Γ¥î 
Category table 
error: Invalid API 
key
At line:1 char:1
+ & "C:\Program Files
\nodejs/node.exe" 
"C:\Program 
Files\nodejs/node_mo 
...
+ ~~~~~~~~~~~~~~~~~~~
~~~~~~~~~~~~~~~~~~~~~
~~~~~~~~~~~~~~~~~~~~~
~~~~~~~~
    + CategoryInfo   
           : NotSpe  
  cified: (Γ¥î Cat   
 egory ta...Inval    
id API key:Strin    
g) [], RemoteExc    
eption
    + FullyQualified 
   ErrorId : Native  
  CommandError
 

≡ƒº¬ Test 2: Checking Property table...
Γ¥î Property table 
error: Invalid API 
key

≡ƒº¬ Test 3: Checking User table...
Γ¥î User table 
error: Invalid API 
key

≡ƒº¬ Test 4: Checking Booking table...
Γ¥î Booking table 
error: Invalid API 
key

≡ƒº¬ Test 5: Checking Message table...
Γ¥î Message table 
error: Invalid API 
key

==================================================
≡ƒôè SUMMARY:
==================================================
Γ¥î Some tables are missing

≡ƒô¥ Please create tables first:
   1. Open Supabase SQL Editor
   2. Run backend/supabase-schema.sql
   3. Then run: npm run seed


Γ£à Test completed
